


ARM Macro Assembler    Page 1 


    1 00000000         ;*******************************************************
                       ************************
    2 00000000         ;* File Name          : learn_constant.s
    3 00000000         ;* Author             : Lighting_WZ
    4 00000000         ;* Description        : ARM_ASM_Learn 
    5 00000000         ;*******************************************************
                       ************************
    6 00000000         
    7 00000000         ; AREA CODE_SEGMENT, CODE, READONLY
    8 00000000         ;  
    9 00000000         ; ENTRY
   10 00000000         ; 
   11 00000000         ; IMPORT TEST_Function
   12 00000000         ; EXPORT __main 
   13 00000000         ;  
   14 00000000         ;__main
   15 00000000         
   16 00000000         ;start 
   17 00000000         ; MOV R5,#1
   18 00000000         ; MOV R6,#0x01
   19 00000000         ; MOV R7,#2_100
   20 00000000         ; 
   21 00000000         ; ;带FPU浮点数写入
   22 00000000         ; ;LDR      R0,=0x20000000
   23 00000000         ; ;VMOV.F32 S0,#3
   24 00000000         ; ;VSTR     S0,[R0,#0x00]
   25 00000000         ; 
   26 00000000         ; ;不带FPU浮点数写入
   27 00000000         ; LDR R0,=0x20000000
   28 00000000         ; MOV R1,#0x40000000
   29 00000000         ; STR R1,[R0,#0x00]
   30 00000000         ; 
   31 00000000         ; LDR      R0,=TEST_Function
   32 00000000         ; BX       R0
   33 00000000         ; 
   34 00000000         ; END
   35 00000000         
   36 00000000                 AREA             LT_compiled_learn, code, READON
LY
   37 00000000                 ENTRY
   38 00000000                 EXPORT           compiled_start
   39 00000000         
   40 00000000         start
   41 00000000         compiled_start
   42 00000000 F04F 0001       MOV              R0,#1
   43 00000004 4900            LDR              R1,=compiled_start
   44 00000006         ;B.W R1 这样写为什么不行因为B.W是强行跳转 其地址必须是确
                       定的
   45 00000006 E7FE            B.N              compiled_start
   46 00000008         
   47 00000008                 END
              00000000 
Command Line: --debug --xref --diag_suppress=9931 --cpu=Cortex-M4.fp.sp --apcs=
interwork --depend=.\objects\learn_constant_1.d -o.\objects\learn_constant_1.o 
-I.\RTE\_Target_1 -IC:\Users\Dell\AppData\Local\Arm\Packs\ARM\CMSIS\5.6.0\CMSIS
\Core\Include -IC:\Users\Dell\AppData\Local\Arm\Packs\Keil\STM32F4xx_DFP\2.11.0
\Drivers\CMSIS\Device\ST\STM32F4xx\Include --predefine="__UVISION_VERSION SETA 
529" --predefine="_RTE_ SETA 1" --predefine="STM32F407xx SETA 1" --list=.\listi
ngs\learn_constant.lst Learn_File\constant\learn_constant.s



ARM Macro Assembler    Page 1 Alphabetic symbol ordering
Relocatable symbols

LT_compiled_learn 00000000

Symbol: LT_compiled_learn
   Definitions
      At line 36 in file Learn_File\constant\learn_constant.s
   Uses
      None
Comment: LT_compiled_learn unused
compiled_start 00000000

Symbol: compiled_start
   Definitions
      At line 41 in file Learn_File\constant\learn_constant.s
   Uses
      At line 38 in file Learn_File\constant\learn_constant.s
      At line 43 in file Learn_File\constant\learn_constant.s
      At line 45 in file Learn_File\constant\learn_constant.s

start 00000000

Symbol: start
   Definitions
      At line 40 in file Learn_File\constant\learn_constant.s
   Uses
      None
Comment: start unused
3 symbols
339 symbols in table
